{
  "id": 200,
  "upload_url": "https://tagged-image-dev-infra-assetbucket-k5rhrhye7grw.s3.amazonaws.com/2021/11/03/21-00-2720cf7e-f4f8-42f4-9c41-7f0ef525b1a3//test.dcm?AWSAccessKeyId=testing&Signature=P9nmMoWXtk4uuYbs8Bsv%2BZKr4Rg%3D&x-amz-security-token=testing&Expires=1635976800"
}