{
  "Code": "MethodNotAllowedError",
  "Message": "Unsupported method: DELETE"
}