{
  "created_by": "user-id",
  "created_timestamp": 1635973200,
  "filename": "image-00000.dcm",
  "id": 1,
  "size": 53936,
  "tags": [
    {
      "id": 1,
      "name": "foo"
    },
    {
      "id": 2,
      "name": "bar"
    }
  ],
  "uploaded_timestamp": 1635973200
}